1236540520.301 0.250999927520752 echo-8f60cn7j JOB_END 0-1 localhost 7f60cn7j
