07514-fixed-array-mapper-filenames.a.in 07514-fixed-array-mapper-filenames.b.in
