0791-regression-r970-simple-mapper-expr-prefix.out
